// Jest Snapshot v1, https://goo.gl/fbAQLP

exports[`<CardList /> renders correctly 1`] = `
<div
  className="row"
>
  <table
    className="table table-striped"
  >
    <thead
      className="thead-inverse"
    >
      <tr>
        <th>
          Name
        </th>
        <th>
          Health
        </th>
        <th>
          Attack
        </th>
        <th>
          Defence
        </th>
        <th>
          Up Attack
        </th>
        <th>
          Down Attack
        </th>
        <th>
          Left Attack
        </th>
        <th>
          Right Attack
        </th>
        <th>
          Total Stats
        </th>
      </tr>
    </thead>
    <tbody>
      <tr>
        <th
          scope="row"
        >
          <svg
            aria-hidden="true"
            className="svg-inline--fa fa-star fa-fw card-favourite"
            data-card-id={1}
            data-icon="star"
            data-prefix="fas"
            focusable="false"
            role="img"
            style={{}}
            viewBox="0 0 576 512"
            xmlns="http://www.w3.org/2000/svg"
          >
            <path
              d="M381.2 150.3L524.9 171.5C536.8 173.2 546.8 181.6 550.6 193.1C554.4 204.7 551.3 217.3 542.7 225.9L438.5 328.1L463.1 474.7C465.1 486.7 460.2 498.9 450.2 506C440.3 513.1 427.2 514 416.5 508.3L288.1 439.8L159.8 508.3C149 514 135.9 513.1 126 506C116.1 498.9 111.1 486.7 113.2 474.7L137.8 328.1L33.58 225.9C24.97 217.3 21.91 204.7 25.69 193.1C29.46 181.6 39.43 173.2 51.42 171.5L195 150.3L259.4 17.97C264.7 6.954 275.9-.0391 288.1-.0391C300.4-.0391 311.6 6.954 316.9 17.97L381.2 150.3z"
              fill="currentColor"
              style={{}}
            />
          </svg>
           
          <a
            href="/jest/1"
            onClick={[Function]}
          >
            First Card name
          </a>
        </th>
        <td>
          4
        </td>
        <td>
          1
        </td>
        <td>
          2
        </td>
        <td>
          8
        </td>
        <td>
          3
        </td>
        <td>
          5
        </td>
        <td>
          6
        </td>
        <td>
          7
        </td>
      </tr>
      <tr>
        <th
          scope="row"
        >
          <svg
            aria-hidden="true"
            className="svg-inline--fa fa-star fa-fw card-favourite enabled"
            data-card-id={2}
            data-icon="star"
            data-prefix="fas"
            focusable="false"
            role="img"
            style={{}}
            viewBox="0 0 576 512"
            xmlns="http://www.w3.org/2000/svg"
          >
            <path
              d="M381.2 150.3L524.9 171.5C536.8 173.2 546.8 181.6 550.6 193.1C554.4 204.7 551.3 217.3 542.7 225.9L438.5 328.1L463.1 474.7C465.1 486.7 460.2 498.9 450.2 506C440.3 513.1 427.2 514 416.5 508.3L288.1 439.8L159.8 508.3C149 514 135.9 513.1 126 506C116.1 498.9 111.1 486.7 113.2 474.7L137.8 328.1L33.58 225.9C24.97 217.3 21.91 204.7 25.69 193.1C29.46 181.6 39.43 173.2 51.42 171.5L195 150.3L259.4 17.97C264.7 6.954 275.9-.0391 288.1-.0391C300.4-.0391 311.6 6.954 316.9 17.97L381.2 150.3z"
              fill="currentColor"
              style={{}}
            />
          </svg>
           
          <a
            href="/jest/2"
            onClick={[Function]}
          >
            Second Card name
          </a>
        </th>
        <td>
          14
        </td>
        <td>
          11
        </td>
        <td>
          12
        </td>
        <td>
          18
        </td>
        <td>
          13
        </td>
        <td>
          15
        </td>
        <td>
          16
        </td>
        <td>
          17
        </td>
      </tr>
    </tbody>
  </table>
</div>
`;
