// Jest Snapshot v1, https://goo.gl/fbAQLP

exports[`<NotificationWidget /> renders with NotificationContextProvider and default notifications 1`] = `
<div
  className="notifications mr-3"
>
  <div
    className="notification-item toast fade show"
  >
    <div
      className="toast-header"
    >
      <span
        className="badge badge-pill badge-secondary mr-2 badge-info"
      >
         
      </span>
      <strong
        className="mr-auto"
      >
        Test title
      </strong>
      <button
        aria-label="Close"
        className="ml-2 mb-1 close"
        onClick={[Function]}
        type="button"
      >
        <span
          aria-hidden="true"
        >
          ×
        </span>
      </button>
    </div>
    <p
      className="toast-body"
    >
      Test message
    </p>
  </div>
  <div
    className="notification-item toast fade show"
  >
    <div
      className="toast-header"
    >
      <span
        className="badge badge-pill badge-secondary mr-2 badge-danger"
      >
         
      </span>
      <strong
        className="mr-auto"
      >
        Danger title
      </strong>
      <button
        aria-label="Close"
        className="ml-2 mb-1 close"
        onClick={[Function]}
        type="button"
      >
        <span
          aria-hidden="true"
        >
          ×
        </span>
      </button>
    </div>
    <p
      className="toast-body"
    >
      Danger message
    </p>
  </div>
</div>
`;

exports[`<NotificationWidget /> renders with NotificationContextProvider and null notifications 1`] = `null`;
